PS007: Unsafe object creation: s1.agg3(integer) at line 2
PS007: Unsafe object creation: s1.agg3(integer) at line 4
PS007: Unsafe object creation: s2.agg6(integer) at line 9
PS017: Unqualified object reference: agg6 at line 11
PS007: Unsafe object creation: agg6(integer) at line 11
PS007: Unsafe object creation: s1.agg6(integer,integer) at line 13
PS007: Unsafe object creation: s3.agg14(int8) at line 21
PS007: Unsafe object creation: s3.agg14(int8) at line 23

Errors: 7 Warnings: 1 Unknown: 0
