PS002: Unsafe function creation: unsafe3() at line 2
PS005: Function without explicit search_path: unsafe3() at line 2
PS016: Unqualified function call: unsafe_call3 at line 2
PS005: Function without explicit search_path: safe5() at line 4
PS016: Unqualified function call: unsafe_call5 at line 4
PS005: Function without explicit search_path: f8() at line 6
PS016: Unqualified function call: unsafe_call8 at line 6
PS005: Function without explicit search_path: f8() at line 9
PS002: Unsafe function creation: f8(integer) at line 12
PS005: Function without explicit search_path: f8(integer) at line 12
PS005: Function without explicit search_path: safe16() at line 15
PS016: Unqualified function call: unsafe_call18 at line 15
PS002: Unsafe function creation: f22(b integer) at line 26

 Errors: 3 Warnings: 10 Unknown: 0 

