PS016: Unqualified function call: format at line 1

 Errors: 0 Warnings: 1 Unknown: 0 

