PS016: Unqualified function call: unsafe_call2
PS005: Function without explicit search_path: f10_no_path()
PS016: Unqualified function call: unsafe_call10
PS016: Unqualified function call: unsafe_call_in_do14
PS005: Function without explicit search_path: f18_no_path()
PS016: Unqualified function call: unsafe_call18
PS005: Function without explicit search_path: f19_path()
PS016: Unqualified function call: unsafe_call19
PS005: Function without explicit search_path: f25_nested_no_path()
PS016: Unqualified function call: unsafe_call25

Errors: 0 Warnings: 10 Unknown: 0
