PS017: Unqualified object reference: #? at line 2

Errors: 0 Warnings: 1 Unknown: 0
