PS016: Unqualified function call: unsafe_call1 at line 1
PS016: Unqualified function call: unsafe_call2 at line 2

Errors: 0 Warnings: 2 Unknown: 0
