PS017: Unqualified object reference: unsafe_agg3
PS007: Unsafe object creation: unsafe_agg3()
PS002: Unsafe function creation: unsafe_func4()
PS005: Function without explicit search_path: unsafe_func4()
PS002: Unsafe function creation: unsafe_proc5()
PS005: Function without explicit search_path: unsafe_proc5()
PS006: Unsafe transform creation: type6
PS015: Unsafe view creation: view9
PS017: Unqualified object reference: view9

Errors: 4 Warnings: 5 Unknown: 0
