PS016: Unqualified function call: unsafe_call21 at line 19
PS016: Unqualified function call: unsafe_call30 at line 28

 Errors: 0 Warnings: 2 Unknown: 0 

