PS017: Unqualified object reference: foo at line 1

 Errors: 0 Warnings: 1 Unknown: 0 

