PS016: Unqualified function call: unsafe_call3
PS016: Unqualified function call: unsafe_call15
PS016: Unqualified function call: unsafe_call21

Errors: 0 Warnings: 3 Unknown: 0
