PS005: Function without explicit search_path: sqlfunc()
PS016: Unqualified function call: unsafe_call3
PS005: Function without explicit search_path: sqlfunc()
PS016: Unqualified function call: unsafe_call10
PS005: Function without explicit search_path: sqlfunc()
PS016: Unqualified function call: unsafe_call13
PS016: Unqualified function call: unsafe_call17

Errors: 0 Warnings: 7 Unknown: 0
